
C:\Users\Dhruv\Documents\Projects\LinuxCompatibilityLayer>"C:\Users\Dhruv\.espressif\tools\qemu-xtensa\esp_develop_9.0.0_20240606\qemu\bin\qemu-system-xtensa.exe" -nographic -machine esp32 -drive file=build/merged-flash.bin,if=mtd,format=raw -no-reboot 
Adding SPI flash device
ets Jul 29 2019 12:21:46

rst:0x1 (POWERON_RESET),boot:0x12 (SPI_FAST_FLASH_BOOT)
configsip: 0, SPIWP:0xee
clk_drv:0x00,q_drv:0x00,d_drv:0x00,cs0_drv:0x00,hd_drv:0x00,wp_drv:0x00
mode:DIO, clock div:2
load:0x3fff0030,len:6276
load:0x40078000,len:15716
load:0x40080400,len:4
ho 8 tail 4 room 4
load:0x40080404,len:3860
entry 0x4008063c
I (811) boot: ESP-IDF GIT-NOTFOUND 2nd stage bootloader
I (814) boot: compile time Nov 27 2025 04:58:51
I (816) boot: Multicore bootloader
I (856) boot: chip revision: v0.0
I (864) boot.esp32: SPI Speed      : 40MHz
I (864) boot.esp32: SPI Mode       : DIO
I (865) boot.esp32: SPI Flash Size : 4MB
I (892) boot: Enabling RNG early entropy source...
I (919) boot: Partition Table:
I (919) boot: ## Label            Usage          Type ST Offset   Length
I (920) boot:  0 nvs              WiFi data        01 02 00009000 00004000
I (921) boot:  1 otadata          OTA data         01 00 0000d000 00002000
I (922) boot:  2 phy_init         RF data          01 01 0000f000 00001000
I (923) boot:  3 factory          factory app      00 00 00010000 00180000
I (923) boot:  4 linux_fs         Unknown data     01 83 00190000 00180000
I (938) boot: End of partition table
I (964) boot: Defaulting to factory image
I (976) esp_image: segment 0: paddr=00010020 vaddr=3f400020 size=107ech ( 67564) map
I (1116) esp_image: segment 1: paddr=00020814 vaddr=3ff80000 size=0001ch (    28) load
I (1154) esp_image: segment 2: paddr=00020838 vaddr=3ffb0000 size=025ech (  9708) load
I (1193) esp_image: segment 3: paddr=00022e2c vaddr=40080000 size=0d1ech ( 53740) load
I (1280) esp_image: segment 4: paddr=00030020 vaddr=400d0020 size=34d18h (216344) map
I (1458) esp_image: segment 5: paddr=00064d40 vaddr=4008d1ec size=00760h (  1888) load
I (1496) boot: Loaded app from partition at offset 0x10000
I (1497) boot: Disabling RNG early entropy source...
I (1546) cpu_start: Multicore app
I (2747) cpu_start: Pro cpu start user code
I (2750) cpu_start: cpu freq: 160000000 Hz
I (2751) app_init: Application information:
I (2751) app_init: Project name:     linux_compat_layer
I (2752) app_init: App version:      1
I (2752) app_init: Compile time:     Nov 27 2025 05:53:36
I (2753) app_init: ELF file SHA256:  c3a438d59...
I (2754) app_init: ESP-IDF:          GIT-NOTFOUND
I (2755) efuse_init: Min chip rev:     v0.0
I (2755) efuse_init: Max chip rev:     v3.99 
I (2756) efuse_init: Chip rev:         v0.0
I (2759) heap_init: Initializing. RAM available for dynamic allocation:
I (2762) heap_init: At 3FFAE6E0 len 00001920 (6 KiB): DRAM
I (2764) heap_init: At 3FFB3640 len 0002C9C0 (178 KiB): DRAM
I (2764) heap_init: At 3FFE0440 len 00003AE0 (14 KiB): D/IRAM
I (2765) heap_init: At 3FFE4350 len 0001BCB0 (111 KiB): D/IRAM
I (2766) heap_init: At 4008D94C len 000126B4 (73 KiB): IRAM
I (2855) spi_flash: detected chip: gd
I (2869) spi_flash: flash io: dio
I (2905) main_task: Started on CPU0
I (2935) main_task: Calling app_main()
I (2935) kernel_main: ============================================
I (2935) kernel_main:   Linux Compatibility Layer - ESP32
I (2935) kernel_main:   ELF Loader Subsystem v1.0
I (2935) kernel_main: ============================================
I (2935) kernel_main: Initializing LittleFS filesystem...
I (3125) kernel_main: LittleFS mounted at /linux (total: 1536 KB, used: 16 KB)
I (3155) kernel_main: Available files in /linux:
I (3175) kernel_main:   [   ] .placeholder
I (3175) kernel_main:   [   ] guest_log.txt
I (3245) kernel_main:   [ELF] hello_world.elf (768 bytes)
I (3325) kernel_main:   [ELF] test_fs.elf (1880 bytes)
I (3395) kernel_main: Found test ELF: /linux/test_fs.elf
I (3495) kernel_main: Loading ELF: /linux/test_fs.elf
I (3495) ELF: ELF loader version: 1.1.1
I (3685) kernel_main: ELF file size: 1880 bytes
I (3695) kernel_main: ELF Header Information:
I (3695) ELF: Class:                                   ELF
I (3695) ELF: Format:                                  32-bit, little-endian
I (3695) ELF: Version(current):                        1
I (3695) ELF: Type:                                    3
I (3695) ELF: Machine:                                 94
I (3695) ELF: Version:                                 1
I (3695) ELF: Entry point address:                     3a0
I (3695) ELF: Start of program headers:                34
I (3695) ELF: Start of section headers:                1480
I (3695) ELF: Flags:                                   0x300
I (3695) ELF: Size of this header(bytes):              52
I (3695) ELF: Size of program headers(bytes):          32
I (3695) ELF: Number of program headers:               3
I (3695) ELF: Size of section headers(bytes):          40
I (3695) ELF: Number of section headers:               10
I (3695) ELF: Section header string table i:           9
I (3695) kernel_main: Relocating ELF to executable memory...
I (3695) ELF: elf->entry=0x4008ddb4

I (3705) kernel_main: ELF Sections: text=0x4008dcd0(348), entry=0x4008ddb4
I (3705) kernel_main: Starting ELF execution (argc=3)...
I (3705) kernel_main: ----------------------------------------
Guest: Attempting to write to filesystem...
Guest: Read back -> 'Hello from the Guest ELF via Shim!
'
I (4125) kernel_main: ----------------------------------------
I (4125) kernel_main: ELF execution completed, return value: 0
I (4125) kernel_main: Test ELF returned: 0
I (4125) kernel_main: ============================================
I (4125) kernel_main: Kernel idle - ELF loader ready
I (4125) kernel_main: ============================================
I (4125) main_task: Returned from app_main()
